PollStartedEvent {
    verifier_set: VerifierSetConfirmation {
        message_id: Transition(
            String(
                "au17kdp7a7p6xuq6h0z3qrdydn4f6fjaufvzvlgkdd6vzpr87lgcgrq8qx6st",
            ),
        ),
        verifier_set: VerifierSet {
            signers: {
                "cosmwasm1jguu9vd3fty0cr949yawye8gj88n0rjvjtpxa7t93umqpn3j96mqr93mgz": Signer {
                    address: Addr(
                        "cosmwasm1jguu9vd3fty0cr949yawye8gj88n0rjvjtpxa7t93umqpn3j96mqr93mgz",
                    ),
                    weight: Uint128(
                        1,
                    ),
                    pub_key: AleoSchnorr(
                        HexBinary(616c656f31657432306c6b7a346634613834396d6d6e707a34363730677061656b7030333070726d363965796d616570386a7070676c7379736c687966396e),
                    ),
                },
            },
            threshold: Uint128(
                1,
            ),
            created_at: 0,
        },
    },
    poll_id: PollId(
        Uint64(
            100,
        ),
    ),
    source_chain: ChainName(
        "aleo-2",
    ),
    source_gateway_address: Program(
        String(
            "mygateway",
        ),
    ),
    expires_at: 100,
    confirmation_height: 15,
    participants: [
        TMAddress(
            AccountId(
                "axelar1qqqqqqqqqqqqqqqqqqqqqqqqqqqqqqqqqqqqqqqqqqqqqqqqqqqqqqqqqqqqqqqqqqqqqqqqqqqqqqqqqqqqqqqqqqqqqqqqqqqqqqqqqqqqqqqqqqqqqqqqqqqqqqqqqqqqqqqqqqqqqqqqqqqqqqqqqqqqqqqqqqqqqqqqqqqqqqqqqqqqqqqqqqqqqqqqqqqqqqqqqqqqqqqqqqqqqqqqqqqqqqqqqqqqqqqqqqqqqqqqqqqqqqqqqqqqqqqqqqqqqqqqqqqqqqqqqqqqqqqqqqqqqqqqqqqqqqqqqqqqqqqqqqqqqqqqqqqqqqqqqqqqqqqqqqqqqqqqqqqqqqqqqqqqqqqqqqqqqqqqqqqqqqqqqqqqqqqqqqqqqqqqqqqqqqqqqqqqqqqqqqqqqqqq87nk3s",
            ),
        ),
        TMAddress(
            AccountId(
                "axelar1qyqszqgpqyqszqgpqyqszqgpqyqszqgpqyqszqgpqyqszqgpqyqszqgpqyqszqgpqyqszqgpqyqszqgpqyqszqgpqyqszqgpqyqszqgpqyqszqgpqyqszqgpqyqszqgpqyqszqgpqyqszqgpqyqszqgpqyqszqgpqyqszqgpqyqszqgpqyqszqgpqyqszqgpqyqszqgpqyqszqgpqyqszqgpqyqszqgpqyqszqgpqyqszqgpqyqszqgpqyqszqgpqyqszqgpqyqszqgpqyqszqgpqyqszqgpqyqszqgpqyqszqgpqyqszqgpqyqszqgpqyqszqgpqyqszqgpqyqszqgpqyqszqgpqyqszqgpqyqszqgpqyqszqgpqyqszqgpqyqszqgpqyqszqgpqyqszqgpuxy7hs",
            ),
        ),
        TMAddress(
            AccountId(
                "axelar1qgpqyqszqgpqyqszqgpqyqszqgpqyqszqgpqyqszqgpqyqszqgpqyqszqgpqyqszqgpqyqszqgpqyqszqgpqyqszqgpqyqszqgpqyqszqgpqyqszqgpqyqszqgpqyqszqgpqyqszqgpqyqszqgpqyqszqgpqyqszqgpqyqszqgpqyqszqgpqyqszqgpqyqszqgpqyqszqgpqyqszqgpqyqszqgpqyqszqgpqyqszqgpqyqszqgpqyqszqgpqyqszqgpqyqszqgpqyqszqgpqyqszqgpqyqszqgpqyqszqgpqyqszqgpqyqszqgpqyqszqgpqyqszqgpqyqszqgpqyqszqgpqyqszqgpqyqszqgpqyqszqgpqyqszqgpqyqszqgpqyqszqgpqyqszqgpqyqszg9nw3w",
            ),
        ),
        TMAddress(
            AccountId(
                "axelar1qvpsxqcrqvpsxqcrqvpsxqcrqvpsxqcrqvpsxqcrqvpsxqcrqvpsxqcrqvpsxqcrqvpsxqcrqvpsxqcrqvpsxqcrqvpsxqcrqvpsxqcrqvpsxqcrqvpsxqcrqvpsxqcrqvpsxqcrqvpsxqcrqvpsxqcrqvpsxqcrqvpsxqcrqvpsxqcrqvpsxqcrqvpsxqcrqvpsxqcrqvpsxqcrqvpsxqcrqvpsxqcrqvpsxqcrqvpsxqcrqvpsxqcrqvpsxqcrqvpsxqcrqvpsxqcrqvpsxqcrqvpsxqcrqvpsxqcrqvpsxqcrqvpsxqcrqvpsxqcrqvpsxqcrqvpsxqcrqvpsxqcrqvpsxqcrqvpsxqcrqvpsxqcrqvpsxqcrqvpsxqcrqvpsxqcrqvpsxqcrqvpsxqcrnayxhw",
            ),
        ),
        TMAddress(
            AccountId(
                "axelar1qszqgpqyqszqgpqyqszqgpqyqszqgpqyqszqgpqyqszqgpqyqszqgpqyqszqgpqyqszqgpqyqszqgpqyqszqgpqyqszqgpqyqszqgpqyqszqgpqyqszqgpqyqszqgpqyqszqgpqyqszqgpqyqszqgpqyqszqgpqyqszqgpqyqszqgpqyqszqgpqyqszqgpqyqszqgpqyqszqgpqyqszqgpqyqszqgpqyqszqgpqyqszqgpqyqszqgpqyqszqgpqyqszqgpqyqszqgpqyqszqgpqyqszqgpqyqszqgpqyqszqgpqyqszqgpqyqszqgpqyqszqgpqyqszqgpqyqszqgpqyqszqgpqyqszqgpqyqszqgpqyqszqgpqyqszqgpqyqszqgpqyqszqgpqyqszqgpqyz29mj8",
            ),
        ),
    ],
}